// Jest Snapshot v1, https://goo.gl/fbAQLP

exports[`Footer component should render component 1`] = `
<div
  className="footer"
>
  <span
    className="logo"
  >
    netflixroulette
  </span>
</div>
`;
