// Jest Snapshot v1, https://goo.gl/fbAQLP

exports[`Header component should render component 1`] = `
<div
  className="header"
>
  <div
    className="header__container"
  >
    <span
      className="logo"
    >
      netflixroulette
    </span>
  </div>
</div>
`;
