// Jest Snapshot v1, https://goo.gl/fbAQLP

exports[`Results component should render component 1`] = `
<div
  className="results"
>
  <div
    className="results__header"
  >
    <span>
      x movies found
    </span>
    <div
      className="sort-by"
    >
      <h3
        className="sort-by__title"
      >
        Sort by
      </h3>
      <button
        className="button-link   "
        onClick={[Function]}
        type="button"
      >
        release date
      </button>
      <button
        className="button-link   "
        onClick={[Function]}
        type="button"
      >
        rating
      </button>
    </div>
  </div>
  <div
    className="results__container"
  >
    <div
      className="movie"
    >
      <div
        className="movie__cover"
      >
        <img
          src=""
        />
      </div>
      <div
        className="movie__footer"
      >
        <div
          className="movie__title"
        >
          Test1
        </div>
        <div
          className="movie__type"
        >
          type
        </div>
        <div
          className="movie__release-date"
        >
          2018
        </div>
      </div>
    </div>
    <div
      className="movie"
    >
      <div
        className="movie__cover"
      >
        <img
          src=""
        />
      </div>
      <div
        className="movie__footer"
      >
        <div
          className="movie__title"
        >
          Test2
        </div>
        <div
          className="movie__type"
        >
          type
        </div>
        <div
          className="movie__release-date"
        >
          2018
        </div>
      </div>
    </div>
    <div
      className="movie"
    >
      <div
        className="movie__cover"
      >
        <img
          src=""
        />
      </div>
      <div
        className="movie__footer"
      >
        <div
          className="movie__title"
        >
          Test3
        </div>
        <div
          className="movie__type"
        >
          type
        </div>
        <div
          className="movie__release-date"
        >
          2018
        </div>
      </div>
    </div>
    <div
      className="movie"
    >
      <div
        className="movie__cover"
      >
        <img
          src=""
        />
      </div>
      <div
        className="movie__footer"
      >
        <div
          className="movie__title"
        >
          Test4
        </div>
        <div
          className="movie__type"
        >
          type
        </div>
        <div
          className="movie__release-date"
        >
          2018
        </div>
      </div>
    </div>
    <div
      className="movie"
    >
      <div
        className="movie__cover"
      >
        <img
          src=""
        />
      </div>
      <div
        className="movie__footer"
      >
        <div
          className="movie__title"
        >
          Test5
        </div>
        <div
          className="movie__type"
        >
          type
        </div>
        <div
          className="movie__release-date"
        >
          2018
        </div>
      </div>
    </div>
  </div>
</div>
`;
