// Jest Snapshot v1, https://goo.gl/fbAQLP

exports[`MovieDetails component should render component 1`] = `"Movie details"`;
